<?xml version="1.0" encoding="UTF-8"?>
<TestRun id="bfb22247-1550-4c60-ac88-bb59a6ba242d" name="Kin Nguyen@LAPTOP-IRDHT22H 2019-11-18 00:11:40" runUser="LAPTOP-IRDHT22H\Kin Nguyen" xmlns="http://microsoft.com/schemas/VisualStudio/TeamTest/2010">
  <TestSettings name="Local" id="8bc9db81-6ffa-423b-b713-8990651773ed">
    <Description>These are default test settings for a local test run.</Description>
    <Deployment enabled="false" runDeploymentRoot="Kin Nguyen_LAPTOP-IRDHT22H 2019-11-18 00_11_40">
      <DeploymentItem filename="C:\Users\Kin Nguyen\Desktop\1751010083-1751010131-1751010110\CoffeeShop\CoffeeShop\bin\Debug\CoffeeShop.exe" />
    </Deployment>
    <Execution>
      <TestTypeSpecific />
      <AgentRule name="Execution Agents">
      </AgentRule>
    </Execution>
  </TestSettings>
  <Times creation="2019-11-18T00:11:40.9462949+07:00" queuing="2019-11-18T00:11:40.9802051+07:00" start="2019-11-18T00:11:40.9901774+07:00" finish="2019-11-18T00:11:57.4755546+07:00" />
  <ResultSummary outcome="Failed">
    <Counters total="19" executed="19" passed="15" error="0" failed="4" timeout="0" aborted="0" inconclusive="0" passedButRunAborted="0" notRunnable="0" notExecuted="0" disconnected="0" warning="0" completed="0" inProgress="0" pending="0" />
  </ResultSummary>
  <TestDefinitions>
    <UnitTest name="testCase_Login_6" storage="c:\users\kin nguyen\desktop\1751010083-1751010131-1751010110\coffeeshop\unittestcoffeeshop\bin\debug\unittestcoffeeshop.dll" id="b17e7b48-5750-91a5-b696-19de03b20151">
      <Execution id="008fc8fc-9b63-4328-ad31-600c472e4e92" />
      <TestMethod codeBase="C:/Users/Kin Nguyen/Desktop/1751010083-1751010131-1751010110/CoffeeShop/UnitTestCoffeeShop/bin/Debug/UnitTestCoffeeShop.DLL" adapterTypeName="Microsoft.VisualStudio.TestTools.TestTypes.Unit.UnitTestAdapter, Microsoft.VisualStudio.QualityTools.Tips.UnitTest.Adapter, Version=10.0.0.0, Culture=neutral, PublicKeyToken=b03f5f7f11d50a3a" className="UnitTestCoffeeShop._1_Test_Login, UnitTestCoffeeShop, Version=1.0.0.0, Culture=neutral, PublicKeyToken=null" name="testCase_Login_6" />
    </UnitTest>
    <UnitTest name="testCase_Them_KhongDuoc" storage="c:\users\kin nguyen\desktop\1751010083-1751010131-1751010110\coffeeshop\unittestcoffeeshop\bin\debug\unittestcoffeeshop.dll" id="fa5b35ab-29ab-0170-9025-94048b21eda5">
      <Execution id="897b41ea-6fe0-4e3d-8f8c-5cd283b63246" />
      <TestMethod codeBase="C:/Users/Kin Nguyen/Desktop/1751010083-1751010131-1751010110/CoffeeShop/UnitTestCoffeeShop/bin/Debug/UnitTestCoffeeShop.DLL" adapterTypeName="Microsoft.VisualStudio.TestTools.TestTypes.Unit.UnitTestAdapter, Microsoft.VisualStudio.QualityTools.Tips.UnitTest.Adapter, Version=10.0.0.0, Culture=neutral, PublicKeyToken=b03f5f7f11d50a3a" className="UnitTestCoffeeShop._2_Test_Home, UnitTestCoffeeShop, Version=1.0.0.0, Culture=neutral, PublicKeyToken=null" name="testCase_Them_KhongDuoc" />
    </UnitTest>
    <UnitTest name="testCase_ThanhToan_KhongDuoc" storage="c:\users\kin nguyen\desktop\1751010083-1751010131-1751010110\coffeeshop\unittestcoffeeshop\bin\debug\unittestcoffeeshop.dll" id="5d9b02b7-7ed9-5fb6-5cd1-e603f10f901d">
      <Execution id="ccb1aa03-b5b7-447b-83cd-7e73a511902f" />
      <TestMethod codeBase="C:/Users/Kin Nguyen/Desktop/1751010083-1751010131-1751010110/CoffeeShop/UnitTestCoffeeShop/bin/Debug/UnitTestCoffeeShop.DLL" adapterTypeName="Microsoft.VisualStudio.TestTools.TestTypes.Unit.UnitTestAdapter, Microsoft.VisualStudio.QualityTools.Tips.UnitTest.Adapter, Version=10.0.0.0, Culture=neutral, PublicKeyToken=b03f5f7f11d50a3a" className="UnitTestCoffeeShop._2_Test_Home, UnitTestCoffeeShop, Version=1.0.0.0, Culture=neutral, PublicKeyToken=null" name="testCase_ThanhToan_KhongDuoc" />
    </UnitTest>
    <UnitTest name="testCase_ThanhToan_Duoc" storage="c:\users\kin nguyen\desktop\1751010083-1751010131-1751010110\coffeeshop\unittestcoffeeshop\bin\debug\unittestcoffeeshop.dll" id="fa6bf5d9-eb12-eff6-bb7a-be8db17abbcc">
      <Execution id="ed119a53-d283-4eb7-b9a9-e455a9285864" />
      <TestMethod codeBase="C:/Users/Kin Nguyen/Desktop/1751010083-1751010131-1751010110/CoffeeShop/UnitTestCoffeeShop/bin/Debug/UnitTestCoffeeShop.DLL" adapterTypeName="Microsoft.VisualStudio.TestTools.TestTypes.Unit.UnitTestAdapter, Microsoft.VisualStudio.QualityTools.Tips.UnitTest.Adapter, Version=10.0.0.0, Culture=neutral, PublicKeyToken=b03f5f7f11d50a3a" className="UnitTestCoffeeShop._2_Test_Home, UnitTestCoffeeShop, Version=1.0.0.0, Culture=neutral, PublicKeyToken=null" name="testCase_ThanhToan_Duoc" />
    </UnitTest>
    <UnitTest name="testCase_Login_7" storage="c:\users\kin nguyen\desktop\1751010083-1751010131-1751010110\coffeeshop\unittestcoffeeshop\bin\debug\unittestcoffeeshop.dll" id="92892753-a6fb-6076-35d8-b259b2867875">
      <Execution id="0963fc0f-7142-40f4-a592-460fb0626eb4" />
      <TestMethod codeBase="C:/Users/Kin Nguyen/Desktop/1751010083-1751010131-1751010110/CoffeeShop/UnitTestCoffeeShop/bin/Debug/UnitTestCoffeeShop.DLL" adapterTypeName="Microsoft.VisualStudio.TestTools.TestTypes.Unit.UnitTestAdapter, Microsoft.VisualStudio.QualityTools.Tips.UnitTest.Adapter, Version=10.0.0.0, Culture=neutral, PublicKeyToken=b03f5f7f11d50a3a" className="UnitTestCoffeeShop._1_Test_Login, UnitTestCoffeeShop, Version=1.0.0.0, Culture=neutral, PublicKeyToken=null" name="testCase_Login_7" />
    </UnitTest>
    <UnitTest name="testCase_Login_9" storage="c:\users\kin nguyen\desktop\1751010083-1751010131-1751010110\coffeeshop\unittestcoffeeshop\bin\debug\unittestcoffeeshop.dll" id="f3c7c967-2efd-b356-b618-c97ab977c2bb">
      <Execution id="08489fe0-6d2e-4c18-a6de-8bba2c5a774e" />
      <TestMethod codeBase="C:/Users/Kin Nguyen/Desktop/1751010083-1751010131-1751010110/CoffeeShop/UnitTestCoffeeShop/bin/Debug/UnitTestCoffeeShop.DLL" adapterTypeName="Microsoft.VisualStudio.TestTools.TestTypes.Unit.UnitTestAdapter, Microsoft.VisualStudio.QualityTools.Tips.UnitTest.Adapter, Version=10.0.0.0, Culture=neutral, PublicKeyToken=b03f5f7f11d50a3a" className="UnitTestCoffeeShop._1_Test_Login, UnitTestCoffeeShop, Version=1.0.0.0, Culture=neutral, PublicKeyToken=null" name="testCase_Login_9" />
    </UnitTest>
    <UnitTest name="testCase_Login_1" storage="c:\users\kin nguyen\desktop\1751010083-1751010131-1751010110\coffeeshop\unittestcoffeeshop\bin\debug\unittestcoffeeshop.dll" id="2c3f325c-600e-d3dd-f1f9-95baac17e375">
      <Execution id="d31f2bdf-182d-4a21-ba05-d4e31e4c2b5c" />
      <TestMethod codeBase="C:/Users/Kin Nguyen/Desktop/1751010083-1751010131-1751010110/CoffeeShop/UnitTestCoffeeShop/bin/Debug/UnitTestCoffeeShop.DLL" adapterTypeName="Microsoft.VisualStudio.TestTools.TestTypes.Unit.UnitTestAdapter, Microsoft.VisualStudio.QualityTools.Tips.UnitTest.Adapter, Version=10.0.0.0, Culture=neutral, PublicKeyToken=b03f5f7f11d50a3a" className="UnitTestCoffeeShop._1_Test_Login, UnitTestCoffeeShop, Version=1.0.0.0, Culture=neutral, PublicKeyToken=null" name="testCase_Login_1" />
    </UnitTest>
    <UnitTest name="testCase_Xoa_Duoc" storage="c:\users\kin nguyen\desktop\1751010083-1751010131-1751010110\coffeeshop\unittestcoffeeshop\bin\debug\unittestcoffeeshop.dll" id="2ea8d17d-6955-f5ff-786f-db789e193218">
      <Execution id="0f3c4051-c458-40b8-99c4-791bda141667" />
      <TestMethod codeBase="C:/Users/Kin Nguyen/Desktop/1751010083-1751010131-1751010110/CoffeeShop/UnitTestCoffeeShop/bin/Debug/UnitTestCoffeeShop.DLL" adapterTypeName="Microsoft.VisualStudio.TestTools.TestTypes.Unit.UnitTestAdapter, Microsoft.VisualStudio.QualityTools.Tips.UnitTest.Adapter, Version=10.0.0.0, Culture=neutral, PublicKeyToken=b03f5f7f11d50a3a" className="UnitTestCoffeeShop._2_Test_Home, UnitTestCoffeeShop, Version=1.0.0.0, Culture=neutral, PublicKeyToken=null" name="testCase_Xoa_Duoc" />
    </UnitTest>
    <UnitTest name="testCase_Them_Duoc" storage="c:\users\kin nguyen\desktop\1751010083-1751010131-1751010110\coffeeshop\unittestcoffeeshop\bin\debug\unittestcoffeeshop.dll" id="9516e242-c1e2-58dc-ab4e-daf4a754b19f">
      <Execution id="40c985bf-16c8-4ddd-82fa-669a61134e62" />
      <TestMethod codeBase="C:/Users/Kin Nguyen/Desktop/1751010083-1751010131-1751010110/CoffeeShop/UnitTestCoffeeShop/bin/Debug/UnitTestCoffeeShop.DLL" adapterTypeName="Microsoft.VisualStudio.TestTools.TestTypes.Unit.UnitTestAdapter, Microsoft.VisualStudio.QualityTools.Tips.UnitTest.Adapter, Version=10.0.0.0, Culture=neutral, PublicKeyToken=b03f5f7f11d50a3a" className="UnitTestCoffeeShop._2_Test_Home, UnitTestCoffeeShop, Version=1.0.0.0, Culture=neutral, PublicKeyToken=null" name="testCase_Them_Duoc" />
    </UnitTest>
    <UnitTest name="testCase_Login_5" storage="c:\users\kin nguyen\desktop\1751010083-1751010131-1751010110\coffeeshop\unittestcoffeeshop\bin\debug\unittestcoffeeshop.dll" id="a3341333-08da-e980-0963-333d51cd2e33">
      <Execution id="ba3679e2-1c6b-42aa-abac-16976e5c3535" />
      <TestMethod codeBase="C:/Users/Kin Nguyen/Desktop/1751010083-1751010131-1751010110/CoffeeShop/UnitTestCoffeeShop/bin/Debug/UnitTestCoffeeShop.DLL" adapterTypeName="Microsoft.VisualStudio.TestTools.TestTypes.Unit.UnitTestAdapter, Microsoft.VisualStudio.QualityTools.Tips.UnitTest.Adapter, Version=10.0.0.0, Culture=neutral, PublicKeyToken=b03f5f7f11d50a3a" className="UnitTestCoffeeShop._1_Test_Login, UnitTestCoffeeShop, Version=1.0.0.0, Culture=neutral, PublicKeyToken=null" name="testCase_Login_5" />
    </UnitTest>
    <UnitTest name="testCase_Login_8" storage="c:\users\kin nguyen\desktop\1751010083-1751010131-1751010110\coffeeshop\unittestcoffeeshop\bin\debug\unittestcoffeeshop.dll" id="2ff65dbb-02e7-734d-df90-cf72a71f36cb">
      <Execution id="1ae8ac13-f92b-4f29-a05c-1c402b5d0069" />
      <TestMethod codeBase="C:/Users/Kin Nguyen/Desktop/1751010083-1751010131-1751010110/CoffeeShop/UnitTestCoffeeShop/bin/Debug/UnitTestCoffeeShop.DLL" adapterTypeName="Microsoft.VisualStudio.TestTools.TestTypes.Unit.UnitTestAdapter, Microsoft.VisualStudio.QualityTools.Tips.UnitTest.Adapter, Version=10.0.0.0, Culture=neutral, PublicKeyToken=b03f5f7f11d50a3a" className="UnitTestCoffeeShop._1_Test_Login, UnitTestCoffeeShop, Version=1.0.0.0, Culture=neutral, PublicKeyToken=null" name="testCase_Login_8" />
    </UnitTest>
    <UnitTest name="testCase_KHTT_HopLe" storage="c:\users\kin nguyen\desktop\1751010083-1751010131-1751010110\coffeeshop\unittestcoffeeshop\bin\debug\unittestcoffeeshop.dll" id="4ec96446-5667-6f79-173a-1015c4139778">
      <Execution id="eacfa9f4-e27f-4567-85f7-6bb3110d86f6" />
      <TestMethod codeBase="C:/Users/Kin Nguyen/Desktop/1751010083-1751010131-1751010110/CoffeeShop/UnitTestCoffeeShop/bin/Debug/UnitTestCoffeeShop.DLL" adapterTypeName="Microsoft.VisualStudio.TestTools.TestTypes.Unit.UnitTestAdapter, Microsoft.VisualStudio.QualityTools.Tips.UnitTest.Adapter, Version=10.0.0.0, Culture=neutral, PublicKeyToken=b03f5f7f11d50a3a" className="UnitTestCoffeeShop._3_Test_KHTT, UnitTestCoffeeShop, Version=1.0.0.0, Culture=neutral, PublicKeyToken=null" name="testCase_KHTT_HopLe" />
    </UnitTest>
    <UnitTest name="testCase_KHTT_dau" storage="c:\users\kin nguyen\desktop\1751010083-1751010131-1751010110\coffeeshop\unittestcoffeeshop\bin\debug\unittestcoffeeshop.dll" id="aef214a3-bc6f-4ea6-e1ce-b85b85bb32e2">
      <Execution id="8aa56699-6658-4cee-ad37-8d7d55e4d9de" />
      <TestMethod codeBase="C:/Users/Kin Nguyen/Desktop/1751010083-1751010131-1751010110/CoffeeShop/UnitTestCoffeeShop/bin/Debug/UnitTestCoffeeShop.DLL" adapterTypeName="Microsoft.VisualStudio.TestTools.TestTypes.Unit.UnitTestAdapter, Microsoft.VisualStudio.QualityTools.Tips.UnitTest.Adapter, Version=10.0.0.0, Culture=neutral, PublicKeyToken=b03f5f7f11d50a3a" className="UnitTestCoffeeShop._3_Test_KHTT, UnitTestCoffeeShop, Version=1.0.0.0, Culture=neutral, PublicKeyToken=null" name="testCase_KHTT_dau" />
    </UnitTest>
    <UnitTest name="testCase_Login_3" storage="c:\users\kin nguyen\desktop\1751010083-1751010131-1751010110\coffeeshop\unittestcoffeeshop\bin\debug\unittestcoffeeshop.dll" id="3486f7cc-6226-f7d6-74fe-a9deae1d18f8">
      <Execution id="67848c8f-b8a8-41bc-ad59-66fe626c8ca7" />
      <TestMethod codeBase="C:/Users/Kin Nguyen/Desktop/1751010083-1751010131-1751010110/CoffeeShop/UnitTestCoffeeShop/bin/Debug/UnitTestCoffeeShop.DLL" adapterTypeName="Microsoft.VisualStudio.TestTools.TestTypes.Unit.UnitTestAdapter, Microsoft.VisualStudio.QualityTools.Tips.UnitTest.Adapter, Version=10.0.0.0, Culture=neutral, PublicKeyToken=b03f5f7f11d50a3a" className="UnitTestCoffeeShop._1_Test_Login, UnitTestCoffeeShop, Version=1.0.0.0, Culture=neutral, PublicKeyToken=null" name="testCase_Login_3" />
    </UnitTest>
    <UnitTest name="testCase_KHTT_ABCD" storage="c:\users\kin nguyen\desktop\1751010083-1751010131-1751010110\coffeeshop\unittestcoffeeshop\bin\debug\unittestcoffeeshop.dll" id="22fea31c-f0df-c9d5-7c93-9590ebc30b40">
      <Execution id="f6ed6e99-d105-402a-90d9-944a9fbcf46d" />
      <TestMethod codeBase="C:/Users/Kin Nguyen/Desktop/1751010083-1751010131-1751010110/CoffeeShop/UnitTestCoffeeShop/bin/Debug/UnitTestCoffeeShop.DLL" adapterTypeName="Microsoft.VisualStudio.TestTools.TestTypes.Unit.UnitTestAdapter, Microsoft.VisualStudio.QualityTools.Tips.UnitTest.Adapter, Version=10.0.0.0, Culture=neutral, PublicKeyToken=b03f5f7f11d50a3a" className="UnitTestCoffeeShop._3_Test_KHTT, UnitTestCoffeeShop, Version=1.0.0.0, Culture=neutral, PublicKeyToken=null" name="testCase_KHTT_ABCD" />
    </UnitTest>
    <UnitTest name="testCase_Login_4" storage="c:\users\kin nguyen\desktop\1751010083-1751010131-1751010110\coffeeshop\unittestcoffeeshop\bin\debug\unittestcoffeeshop.dll" id="4fc4019d-f9de-1dbd-e3d1-66d40599b388">
      <Execution id="1b8bc91e-b0f3-4c4b-aa22-a48d5b187df2" />
      <TestMethod codeBase="C:/Users/Kin Nguyen/Desktop/1751010083-1751010131-1751010110/CoffeeShop/UnitTestCoffeeShop/bin/Debug/UnitTestCoffeeShop.DLL" adapterTypeName="Microsoft.VisualStudio.TestTools.TestTypes.Unit.UnitTestAdapter, Microsoft.VisualStudio.QualityTools.Tips.UnitTest.Adapter, Version=10.0.0.0, Culture=neutral, PublicKeyToken=b03f5f7f11d50a3a" className="UnitTestCoffeeShop._1_Test_Login, UnitTestCoffeeShop, Version=1.0.0.0, Culture=neutral, PublicKeyToken=null" name="testCase_Login_4" />
    </UnitTest>
    <UnitTest name="testCase_Login_2" storage="c:\users\kin nguyen\desktop\1751010083-1751010131-1751010110\coffeeshop\unittestcoffeeshop\bin\debug\unittestcoffeeshop.dll" id="6300b902-0ae6-2f07-3bba-f7b7402a1e51">
      <Execution id="c70b6135-ad13-4974-a2ff-ae7255f6d346" />
      <TestMethod codeBase="C:/Users/Kin Nguyen/Desktop/1751010083-1751010131-1751010110/CoffeeShop/UnitTestCoffeeShop/bin/Debug/UnitTestCoffeeShop.DLL" adapterTypeName="Microsoft.VisualStudio.TestTools.TestTypes.Unit.UnitTestAdapter, Microsoft.VisualStudio.QualityTools.Tips.UnitTest.Adapter, Version=10.0.0.0, Culture=neutral, PublicKeyToken=b03f5f7f11d50a3a" className="UnitTestCoffeeShop._1_Test_Login, UnitTestCoffeeShop, Version=1.0.0.0, Culture=neutral, PublicKeyToken=null" name="testCase_Login_2" />
    </UnitTest>
    <UnitTest name="testCase_KHTT_123456" storage="c:\users\kin nguyen\desktop\1751010083-1751010131-1751010110\coffeeshop\unittestcoffeeshop\bin\debug\unittestcoffeeshop.dll" id="2d81709d-0ff0-9609-5478-9257a05cdb0a">
      <Execution id="cbe719c1-0b0e-49c7-82c2-e9974b7b756f" />
      <TestMethod codeBase="C:/Users/Kin Nguyen/Desktop/1751010083-1751010131-1751010110/CoffeeShop/UnitTestCoffeeShop/bin/Debug/UnitTestCoffeeShop.DLL" adapterTypeName="Microsoft.VisualStudio.TestTools.TestTypes.Unit.UnitTestAdapter, Microsoft.VisualStudio.QualityTools.Tips.UnitTest.Adapter, Version=10.0.0.0, Culture=neutral, PublicKeyToken=b03f5f7f11d50a3a" className="UnitTestCoffeeShop._3_Test_KHTT, UnitTestCoffeeShop, Version=1.0.0.0, Culture=neutral, PublicKeyToken=null" name="testCase_KHTT_123456" />
    </UnitTest>
    <UnitTest name="testCase_Xoa_KhongDuoc" storage="c:\users\kin nguyen\desktop\1751010083-1751010131-1751010110\coffeeshop\unittestcoffeeshop\bin\debug\unittestcoffeeshop.dll" id="87c6324a-3a38-54bf-01cd-762cca8d78d8">
      <Execution id="2e7d105a-17f9-4d1d-999c-6cdf33493811" />
      <TestMethod codeBase="C:/Users/Kin Nguyen/Desktop/1751010083-1751010131-1751010110/CoffeeShop/UnitTestCoffeeShop/bin/Debug/UnitTestCoffeeShop.DLL" adapterTypeName="Microsoft.VisualStudio.TestTools.TestTypes.Unit.UnitTestAdapter, Microsoft.VisualStudio.QualityTools.Tips.UnitTest.Adapter, Version=10.0.0.0, Culture=neutral, PublicKeyToken=b03f5f7f11d50a3a" className="UnitTestCoffeeShop._2_Test_Home, UnitTestCoffeeShop, Version=1.0.0.0, Culture=neutral, PublicKeyToken=null" name="testCase_Xoa_KhongDuoc" />
    </UnitTest>
  </TestDefinitions>
  <TestLists>
    <TestList name="Results Not in a List" id="8c84fa94-04c1-424b-9868-57a2d4851a1d" />
    <TestList name="All Loaded Results" id="19431567-8539-422a-85d7-44ee4e166bda" />
  </TestLists>
  <TestEntries>
    <TestEntry testId="22fea31c-f0df-c9d5-7c93-9590ebc30b40" executionId="f6ed6e99-d105-402a-90d9-944a9fbcf46d" testListId="8c84fa94-04c1-424b-9868-57a2d4851a1d" />
    <TestEntry testId="2c3f325c-600e-d3dd-f1f9-95baac17e375" executionId="d31f2bdf-182d-4a21-ba05-d4e31e4c2b5c" testListId="8c84fa94-04c1-424b-9868-57a2d4851a1d" />
    <TestEntry testId="2d81709d-0ff0-9609-5478-9257a05cdb0a" executionId="cbe719c1-0b0e-49c7-82c2-e9974b7b756f" testListId="8c84fa94-04c1-424b-9868-57a2d4851a1d" />
    <TestEntry testId="2ea8d17d-6955-f5ff-786f-db789e193218" executionId="0f3c4051-c458-40b8-99c4-791bda141667" testListId="8c84fa94-04c1-424b-9868-57a2d4851a1d" />
    <TestEntry testId="2ff65dbb-02e7-734d-df90-cf72a71f36cb" executionId="1ae8ac13-f92b-4f29-a05c-1c402b5d0069" testListId="8c84fa94-04c1-424b-9868-57a2d4851a1d" />
    <TestEntry testId="3486f7cc-6226-f7d6-74fe-a9deae1d18f8" executionId="67848c8f-b8a8-41bc-ad59-66fe626c8ca7" testListId="8c84fa94-04c1-424b-9868-57a2d4851a1d" />
    <TestEntry testId="4ec96446-5667-6f79-173a-1015c4139778" executionId="eacfa9f4-e27f-4567-85f7-6bb3110d86f6" testListId="8c84fa94-04c1-424b-9868-57a2d4851a1d" />
    <TestEntry testId="4fc4019d-f9de-1dbd-e3d1-66d40599b388" executionId="1b8bc91e-b0f3-4c4b-aa22-a48d5b187df2" testListId="8c84fa94-04c1-424b-9868-57a2d4851a1d" />
    <TestEntry testId="5d9b02b7-7ed9-5fb6-5cd1-e603f10f901d" executionId="ccb1aa03-b5b7-447b-83cd-7e73a511902f" testListId="8c84fa94-04c1-424b-9868-57a2d4851a1d" />
    <TestEntry testId="6300b902-0ae6-2f07-3bba-f7b7402a1e51" executionId="c70b6135-ad13-4974-a2ff-ae7255f6d346" testListId="8c84fa94-04c1-424b-9868-57a2d4851a1d" />
    <TestEntry testId="87c6324a-3a38-54bf-01cd-762cca8d78d8" executionId="2e7d105a-17f9-4d1d-999c-6cdf33493811" testListId="8c84fa94-04c1-424b-9868-57a2d4851a1d" />
    <TestEntry testId="92892753-a6fb-6076-35d8-b259b2867875" executionId="0963fc0f-7142-40f4-a592-460fb0626eb4" testListId="8c84fa94-04c1-424b-9868-57a2d4851a1d" />
    <TestEntry testId="9516e242-c1e2-58dc-ab4e-daf4a754b19f" executionId="40c985bf-16c8-4ddd-82fa-669a61134e62" testListId="8c84fa94-04c1-424b-9868-57a2d4851a1d" />
    <TestEntry testId="a3341333-08da-e980-0963-333d51cd2e33" executionId="ba3679e2-1c6b-42aa-abac-16976e5c3535" testListId="8c84fa94-04c1-424b-9868-57a2d4851a1d" />
    <TestEntry testId="aef214a3-bc6f-4ea6-e1ce-b85b85bb32e2" executionId="8aa56699-6658-4cee-ad37-8d7d55e4d9de" testListId="8c84fa94-04c1-424b-9868-57a2d4851a1d" />
    <TestEntry testId="b17e7b48-5750-91a5-b696-19de03b20151" executionId="008fc8fc-9b63-4328-ad31-600c472e4e92" testListId="8c84fa94-04c1-424b-9868-57a2d4851a1d" />
    <TestEntry testId="f3c7c967-2efd-b356-b618-c97ab977c2bb" executionId="08489fe0-6d2e-4c18-a6de-8bba2c5a774e" testListId="8c84fa94-04c1-424b-9868-57a2d4851a1d" />
    <TestEntry testId="fa5b35ab-29ab-0170-9025-94048b21eda5" executionId="897b41ea-6fe0-4e3d-8f8c-5cd283b63246" testListId="8c84fa94-04c1-424b-9868-57a2d4851a1d" />
    <TestEntry testId="fa6bf5d9-eb12-eff6-bb7a-be8db17abbcc" executionId="ed119a53-d283-4eb7-b9a9-e455a9285864" testListId="8c84fa94-04c1-424b-9868-57a2d4851a1d" />
  </TestEntries>
  <Results>
    <UnitTestResult executionId="f6ed6e99-d105-402a-90d9-944a9fbcf46d" testId="22fea31c-f0df-c9d5-7c93-9590ebc30b40" testName="testCase_KHTT_ABCD" computerName="LAPTOP-IRDHT22H" duration="00:00:16.1104020" startTime="2019-11-18T00:11:40.9931720+07:00" endTime="2019-11-18T00:11:57.3488928+07:00" testType="13cdc9d9-ddb5-4fa4-a97d-d965ccfc6d4b" outcome="Failed" testListId="8c84fa94-04c1-424b-9868-57a2d4851a1d" relativeResultsDirectory="f6ed6e99-d105-402a-90d9-944a9fbcf46d">
      <Output>
        <ErrorInfo>
          <Message>Initialization method UnitTestCoffeeShop._3_Test_KHTT.setUp threw exception. System.Data.SqlClient.SqlException: System.Data.SqlClient.SqlException: A network-related or instance-specific error occurred while establishing a connection to SQL Server. The server was not found or was not accessible. Verify that the instance name is correct and that SQL Server is configured to allow remote connections. (provider: Named Pipes Provider, error: 40 - Could not open a connection to SQL Server) ---&gt; System.ComponentModel.Win32Exception: The network path was not found.</Message>
          <StackTrace> 
 --- End of inner exception stack trace ---
    at System.Data.SqlClient.SqlInternalConnectionTds..ctor(DbConnectionPoolIdentity identity, SqlConnectionString connectionOptions, SqlCredential credential, Object providerInfo, String newPassword, SecureString newSecurePassword, Boolean redirectedUserInstance, SqlConnectionString userConnectionOptions, SessionData reconnectSessionData, DbConnectionPool pool, String accessToken, Boolean applyTransientFaultHandling, SqlAuthenticationProviderManager sqlAuthProviderManager)
   at System.Data.SqlClient.SqlConnectionFactory.CreateConnection(DbConnectionOptions options, DbConnectionPoolKey poolKey, Object poolGroupProviderInfo, DbConnectionPool pool, DbConnection owningConnection, DbConnectionOptions userOptions)
   at System.Data.ProviderBase.DbConnectionFactory.CreatePooledConnection(DbConnectionPool pool, DbConnection owningObject, DbConnectionOptions options, DbConnectionPoolKey poolKey, DbConnectionOptions userOptions)
   at System.Data.ProviderBase.DbConnectionPool.CreateObject(DbConnection owningObject, DbConnectionOptions userOptions, DbConnectionInternal oldConnection)
   at System.Data.ProviderBase.DbConnectionPool.UserCreateRequest(DbConnection owningObject, DbConnectionOptions userOptions, DbConnectionInternal oldConnection)
   at System.Data.ProviderBase.DbConnectionPool.TryGetConnection(DbConnection owningObject, UInt32 waitForMultipleObjectsTimeout, Boolean allowCreate, Boolean onlyOneCheckConnection, DbConnectionOptions userOptions, DbConnectionInternal&amp; connection)
   at System.Data.ProviderBase.DbConnectionPool.TryGetConnection(DbConnection owningObject, TaskCompletionSource`1 retry, DbConnectionOptions userOptions, DbConnectionInternal&amp; connection)
   at System.Data.ProviderBase.DbConnectionFactory.TryGetConnection(DbConnection owningConnection, TaskCompletionSource`1 retry, DbConnectionOptions userOptions, DbConnectionInternal oldConnection, DbConnectionInternal&amp; connection)
   at System.Data.ProviderBase.DbConnectionInternal.TryOpenConnectionInternal(DbConnection outerConnection, DbConnectionFactory connectionFactory, TaskCompletionSource`1 retry, DbConnectionOptions userOptions)
   at System.Data.ProviderBase.DbConnectionClosed.TryOpenConnection(DbConnection outerConnection, DbConnectionFactory connectionFactory, TaskCompletionSource`1 retry, DbConnectionOptions userOptions)
   at System.Data.SqlClient.SqlConnection.TryOpenInner(TaskCompletionSource`1 retry)
   at System.Data.SqlClient.SqlConnection.TryOpen(TaskCompletionSource`1 retry)
   at System.Data.SqlClient.SqlConnection.Open()
   at TheCoffeeCafe.FunctionCheckKhachHang.kiemtra(String khachHang) in D:\KTTM\CoffeeShop\CoffeeShop\FunctionCheckKhachHang.cs:line 14
   at UnitTestCoffeeShop._3_Test_KHTT.setUp() in D:\KTTM\CoffeeShop\UnitTestCoffeeShop\3-Test_KHTT.cs:line 18
</StackTrace>
        </ErrorInfo>
      </Output>
    </UnitTestResult>
    <UnitTestResult executionId="d31f2bdf-182d-4a21-ba05-d4e31e4c2b5c" testId="2c3f325c-600e-d3dd-f1f9-95baac17e375" testName="testCase_Login_1" computerName="LAPTOP-IRDHT22H" duration="00:00:00.0057384" startTime="2019-11-18T00:11:57.3498904+07:00" endTime="2019-11-18T00:11:57.3598634+07:00" testType="13cdc9d9-ddb5-4fa4-a97d-d965ccfc6d4b" outcome="Passed" testListId="8c84fa94-04c1-424b-9868-57a2d4851a1d" relativeResultsDirectory="d31f2bdf-182d-4a21-ba05-d4e31e4c2b5c">
    </UnitTestResult>
    <UnitTestResult executionId="cbe719c1-0b0e-49c7-82c2-e9974b7b756f" testId="2d81709d-0ff0-9609-5478-9257a05cdb0a" testName="testCase_KHTT_123456" computerName="LAPTOP-IRDHT22H" duration="00:00:00.0023213" startTime="2019-11-18T00:11:57.3608625+07:00" endTime="2019-11-18T00:11:57.3668476+07:00" testType="13cdc9d9-ddb5-4fa4-a97d-d965ccfc6d4b" outcome="Failed" testListId="8c84fa94-04c1-424b-9868-57a2d4851a1d" relativeResultsDirectory="cbe719c1-0b0e-49c7-82c2-e9974b7b756f">
      <Output>
        <ErrorInfo>
          <Message>Initialization method UnitTestCoffeeShop._3_Test_KHTT.setUp threw exception. System.Data.SqlClient.SqlException: System.Data.SqlClient.SqlException: A network-related or instance-specific error occurred while establishing a connection to SQL Server. The server was not found or was not accessible. Verify that the instance name is correct and that SQL Server is configured to allow remote connections. (provider: Named Pipes Provider, error: 40 - Could not open a connection to SQL Server) ---&gt; System.ComponentModel.Win32Exception: The network path was not found.</Message>
          <StackTrace> 
 --- End of inner exception stack trace ---
    at System.Data.ProviderBase.DbConnectionPool.TryGetConnection(DbConnection owningObject, UInt32 waitForMultipleObjectsTimeout, Boolean allowCreate, Boolean onlyOneCheckConnection, DbConnectionOptions userOptions, DbConnectionInternal&amp; connection)
   at System.Data.ProviderBase.DbConnectionPool.TryGetConnection(DbConnection owningObject, TaskCompletionSource`1 retry, DbConnectionOptions userOptions, DbConnectionInternal&amp; connection)
   at System.Data.ProviderBase.DbConnectionFactory.TryGetConnection(DbConnection owningConnection, TaskCompletionSource`1 retry, DbConnectionOptions userOptions, DbConnectionInternal oldConnection, DbConnectionInternal&amp; connection)
   at System.Data.ProviderBase.DbConnectionInternal.TryOpenConnectionInternal(DbConnection outerConnection, DbConnectionFactory connectionFactory, TaskCompletionSource`1 retry, DbConnectionOptions userOptions)
   at System.Data.ProviderBase.DbConnectionClosed.TryOpenConnection(DbConnection outerConnection, DbConnectionFactory connectionFactory, TaskCompletionSource`1 retry, DbConnectionOptions userOptions)
   at System.Data.SqlClient.SqlConnection.TryOpenInner(TaskCompletionSource`1 retry)
   at System.Data.SqlClient.SqlConnection.TryOpen(TaskCompletionSource`1 retry)
   at System.Data.SqlClient.SqlConnection.Open()
   at TheCoffeeCafe.FunctionCheckKhachHang.kiemtra(String khachHang) in D:\KTTM\CoffeeShop\CoffeeShop\FunctionCheckKhachHang.cs:line 14
   at UnitTestCoffeeShop._3_Test_KHTT.setUp() in D:\KTTM\CoffeeShop\UnitTestCoffeeShop\3-Test_KHTT.cs:line 18
</StackTrace>
        </ErrorInfo>
      </Output>
    </UnitTestResult>
    <UnitTestResult executionId="0f3c4051-c458-40b8-99c4-791bda141667" testId="2ea8d17d-6955-f5ff-786f-db789e193218" testName="testCase_Xoa_Duoc" computerName="LAPTOP-IRDHT22H" duration="00:00:00.0005184" startTime="2019-11-18T00:11:57.3678421+07:00" endTime="2019-11-18T00:11:57.3738264+07:00" testType="13cdc9d9-ddb5-4fa4-a97d-d965ccfc6d4b" outcome="Passed" testListId="8c84fa94-04c1-424b-9868-57a2d4851a1d" relativeResultsDirectory="0f3c4051-c458-40b8-99c4-791bda141667">
    </UnitTestResult>
    <UnitTestResult executionId="1ae8ac13-f92b-4f29-a05c-1c402b5d0069" testId="2ff65dbb-02e7-734d-df90-cf72a71f36cb" testName="testCase_Login_8" computerName="LAPTOP-IRDHT22H" duration="00:00:00.0001657" startTime="2019-11-18T00:11:57.3758215+07:00" endTime="2019-11-18T00:11:57.3808101+07:00" testType="13cdc9d9-ddb5-4fa4-a97d-d965ccfc6d4b" outcome="Passed" testListId="8c84fa94-04c1-424b-9868-57a2d4851a1d" relativeResultsDirectory="1ae8ac13-f92b-4f29-a05c-1c402b5d0069">
    </UnitTestResult>
    <UnitTestResult executionId="67848c8f-b8a8-41bc-ad59-66fe626c8ca7" testId="3486f7cc-6226-f7d6-74fe-a9deae1d18f8" testName="testCase_Login_3" computerName="LAPTOP-IRDHT22H" duration="00:00:00.0001261" startTime="2019-11-18T00:11:57.3818058+07:00" endTime="2019-11-18T00:11:57.3867944+07:00" testType="13cdc9d9-ddb5-4fa4-a97d-d965ccfc6d4b" outcome="Passed" testListId="8c84fa94-04c1-424b-9868-57a2d4851a1d" relativeResultsDirectory="67848c8f-b8a8-41bc-ad59-66fe626c8ca7">
    </UnitTestResult>
    <UnitTestResult executionId="eacfa9f4-e27f-4567-85f7-6bb3110d86f6" testId="4ec96446-5667-6f79-173a-1015c4139778" testName="testCase_KHTT_HopLe" computerName="LAPTOP-IRDHT22H" duration="00:00:00.0028175" startTime="2019-11-18T00:11:57.3877905+07:00" endTime="2019-11-18T00:11:57.3947712+07:00" testType="13cdc9d9-ddb5-4fa4-a97d-d965ccfc6d4b" outcome="Failed" testListId="8c84fa94-04c1-424b-9868-57a2d4851a1d" relativeResultsDirectory="eacfa9f4-e27f-4567-85f7-6bb3110d86f6">
      <Output>
        <ErrorInfo>
          <Message>Initialization method UnitTestCoffeeShop._3_Test_KHTT.setUp threw exception. System.Data.SqlClient.SqlException: System.Data.SqlClient.SqlException: A network-related or instance-specific error occurred while establishing a connection to SQL Server. The server was not found or was not accessible. Verify that the instance name is correct and that SQL Server is configured to allow remote connections. (provider: Named Pipes Provider, error: 40 - Could not open a connection to SQL Server) ---&gt; System.ComponentModel.Win32Exception: The network path was not found.</Message>
          <StackTrace> 
 --- End of inner exception stack trace ---
    at System.Data.ProviderBase.DbConnectionPool.TryGetConnection(DbConnection owningObject, UInt32 waitForMultipleObjectsTimeout, Boolean allowCreate, Boolean onlyOneCheckConnection, DbConnectionOptions userOptions, DbConnectionInternal&amp; connection)
   at System.Data.ProviderBase.DbConnectionPool.TryGetConnection(DbConnection owningObject, TaskCompletionSource`1 retry, DbConnectionOptions userOptions, DbConnectionInternal&amp; connection)
   at System.Data.ProviderBase.DbConnectionFactory.TryGetConnection(DbConnection owningConnection, TaskCompletionSource`1 retry, DbConnectionOptions userOptions, DbConnectionInternal oldConnection, DbConnectionInternal&amp; connection)
   at System.Data.ProviderBase.DbConnectionInternal.TryOpenConnectionInternal(DbConnection outerConnection, DbConnectionFactory connectionFactory, TaskCompletionSource`1 retry, DbConnectionOptions userOptions)
   at System.Data.ProviderBase.DbConnectionClosed.TryOpenConnection(DbConnection outerConnection, DbConnectionFactory connectionFactory, TaskCompletionSource`1 retry, DbConnectionOptions userOptions)
   at System.Data.SqlClient.SqlConnection.TryOpenInner(TaskCompletionSource`1 retry)
   at System.Data.SqlClient.SqlConnection.TryOpen(TaskCompletionSource`1 retry)
   at System.Data.SqlClient.SqlConnection.Open()
   at TheCoffeeCafe.FunctionCheckKhachHang.kiemtra(String khachHang) in D:\KTTM\CoffeeShop\CoffeeShop\FunctionCheckKhachHang.cs:line 14
   at UnitTestCoffeeShop._3_Test_KHTT.setUp() in D:\KTTM\CoffeeShop\UnitTestCoffeeShop\3-Test_KHTT.cs:line 18
</StackTrace>
        </ErrorInfo>
      </Output>
    </UnitTestResult>
    <UnitTestResult executionId="1b8bc91e-b0f3-4c4b-aa22-a48d5b187df2" testId="4fc4019d-f9de-1dbd-e3d1-66d40599b388" testName="testCase_Login_4" computerName="LAPTOP-IRDHT22H" duration="00:00:00.0001313" startTime="2019-11-18T00:11:57.3967663+07:00" endTime="2019-11-18T00:11:57.4017519+07:00" testType="13cdc9d9-ddb5-4fa4-a97d-d965ccfc6d4b" outcome="Passed" testListId="8c84fa94-04c1-424b-9868-57a2d4851a1d" relativeResultsDirectory="1b8bc91e-b0f3-4c4b-aa22-a48d5b187df2">
    </UnitTestResult>
    <UnitTestResult executionId="ccb1aa03-b5b7-447b-83cd-7e73a511902f" testId="5d9b02b7-7ed9-5fb6-5cd1-e603f10f901d" testName="testCase_ThanhToan_KhongDuoc" computerName="LAPTOP-IRDHT22H" duration="00:00:00.0001351" startTime="2019-11-18T00:11:57.4027498+07:00" endTime="2019-11-18T00:11:57.4067378+07:00" testType="13cdc9d9-ddb5-4fa4-a97d-d965ccfc6d4b" outcome="Passed" testListId="8c84fa94-04c1-424b-9868-57a2d4851a1d" relativeResultsDirectory="ccb1aa03-b5b7-447b-83cd-7e73a511902f">
    </UnitTestResult>
    <UnitTestResult executionId="c70b6135-ad13-4974-a2ff-ae7255f6d346" testId="6300b902-0ae6-2f07-3bba-f7b7402a1e51" testName="testCase_Login_2" computerName="LAPTOP-IRDHT22H" duration="00:00:00.0001268" startTime="2019-11-18T00:11:57.4077354+07:00" endTime="2019-11-18T00:11:57.4127217+07:00" testType="13cdc9d9-ddb5-4fa4-a97d-d965ccfc6d4b" outcome="Passed" testListId="8c84fa94-04c1-424b-9868-57a2d4851a1d" relativeResultsDirectory="c70b6135-ad13-4974-a2ff-ae7255f6d346">
    </UnitTestResult>
    <UnitTestResult executionId="2e7d105a-17f9-4d1d-999c-6cdf33493811" testId="87c6324a-3a38-54bf-01cd-762cca8d78d8" testName="testCase_Xoa_KhongDuoc" computerName="LAPTOP-IRDHT22H" duration="00:00:00.0001076" startTime="2019-11-18T00:11:57.4137208+07:00" endTime="2019-11-18T00:11:57.4177088+07:00" testType="13cdc9d9-ddb5-4fa4-a97d-d965ccfc6d4b" outcome="Passed" testListId="8c84fa94-04c1-424b-9868-57a2d4851a1d" relativeResultsDirectory="2e7d105a-17f9-4d1d-999c-6cdf33493811">
    </UnitTestResult>
    <UnitTestResult executionId="0963fc0f-7142-40f4-a592-460fb0626eb4" testId="92892753-a6fb-6076-35d8-b259b2867875" testName="testCase_Login_7" computerName="LAPTOP-IRDHT22H" duration="00:00:00.0001446" startTime="2019-11-18T00:11:57.4187068+07:00" endTime="2019-11-18T00:11:57.4226993+07:00" testType="13cdc9d9-ddb5-4fa4-a97d-d965ccfc6d4b" outcome="Passed" testListId="8c84fa94-04c1-424b-9868-57a2d4851a1d" relativeResultsDirectory="0963fc0f-7142-40f4-a592-460fb0626eb4">
    </UnitTestResult>
    <UnitTestResult executionId="40c985bf-16c8-4ddd-82fa-669a61134e62" testId="9516e242-c1e2-58dc-ab4e-daf4a754b19f" testName="testCase_Them_Duoc" computerName="LAPTOP-IRDHT22H" duration="00:00:00.0001106" startTime="2019-11-18T00:11:57.4236931+07:00" endTime="2019-11-18T00:11:57.4286802+07:00" testType="13cdc9d9-ddb5-4fa4-a97d-d965ccfc6d4b" outcome="Passed" testListId="8c84fa94-04c1-424b-9868-57a2d4851a1d" relativeResultsDirectory="40c985bf-16c8-4ddd-82fa-669a61134e62">
    </UnitTestResult>
    <UnitTestResult executionId="ba3679e2-1c6b-42aa-abac-16976e5c3535" testId="a3341333-08da-e980-0963-333d51cd2e33" testName="testCase_Login_5" computerName="LAPTOP-IRDHT22H" duration="00:00:00.0001283" startTime="2019-11-18T00:11:57.4286802+07:00" endTime="2019-11-18T00:11:57.4336677+07:00" testType="13cdc9d9-ddb5-4fa4-a97d-d965ccfc6d4b" outcome="Passed" testListId="8c84fa94-04c1-424b-9868-57a2d4851a1d" relativeResultsDirectory="ba3679e2-1c6b-42aa-abac-16976e5c3535">
    </UnitTestResult>
    <UnitTestResult executionId="8aa56699-6658-4cee-ad37-8d7d55e4d9de" testId="aef214a3-bc6f-4ea6-e1ce-b85b85bb32e2" testName="testCase_KHTT_dau" computerName="LAPTOP-IRDHT22H" duration="00:00:00.0021065" startTime="2019-11-18T00:11:57.4346649+07:00" endTime="2019-11-18T00:11:57.4406484+07:00" testType="13cdc9d9-ddb5-4fa4-a97d-d965ccfc6d4b" outcome="Failed" testListId="8c84fa94-04c1-424b-9868-57a2d4851a1d" relativeResultsDirectory="8aa56699-6658-4cee-ad37-8d7d55e4d9de">
      <Output>
        <ErrorInfo>
          <Message>Initialization method UnitTestCoffeeShop._3_Test_KHTT.setUp threw exception. System.Data.SqlClient.SqlException: System.Data.SqlClient.SqlException: A network-related or instance-specific error occurred while establishing a connection to SQL Server. The server was not found or was not accessible. Verify that the instance name is correct and that SQL Server is configured to allow remote connections. (provider: Named Pipes Provider, error: 40 - Could not open a connection to SQL Server) ---&gt; System.ComponentModel.Win32Exception: The network path was not found.</Message>
          <StackTrace> 
 --- End of inner exception stack trace ---
    at System.Data.ProviderBase.DbConnectionPool.TryGetConnection(DbConnection owningObject, UInt32 waitForMultipleObjectsTimeout, Boolean allowCreate, Boolean onlyOneCheckConnection, DbConnectionOptions userOptions, DbConnectionInternal&amp; connection)
   at System.Data.ProviderBase.DbConnectionPool.TryGetConnection(DbConnection owningObject, TaskCompletionSource`1 retry, DbConnectionOptions userOptions, DbConnectionInternal&amp; connection)
   at System.Data.ProviderBase.DbConnectionFactory.TryGetConnection(DbConnection owningConnection, TaskCompletionSource`1 retry, DbConnectionOptions userOptions, DbConnectionInternal oldConnection, DbConnectionInternal&amp; connection)
   at System.Data.ProviderBase.DbConnectionInternal.TryOpenConnectionInternal(DbConnection outerConnection, DbConnectionFactory connectionFactory, TaskCompletionSource`1 retry, DbConnectionOptions userOptions)
   at System.Data.ProviderBase.DbConnectionClosed.TryOpenConnection(DbConnection outerConnection, DbConnectionFactory connectionFactory, TaskCompletionSource`1 retry, DbConnectionOptions userOptions)
   at System.Data.SqlClient.SqlConnection.TryOpenInner(TaskCompletionSource`1 retry)
   at System.Data.SqlClient.SqlConnection.TryOpen(TaskCompletionSource`1 retry)
   at System.Data.SqlClient.SqlConnection.Open()
   at TheCoffeeCafe.FunctionCheckKhachHang.kiemtra(String khachHang) in D:\KTTM\CoffeeShop\CoffeeShop\FunctionCheckKhachHang.cs:line 14
   at UnitTestCoffeeShop._3_Test_KHTT.setUp() in D:\KTTM\CoffeeShop\UnitTestCoffeeShop\3-Test_KHTT.cs:line 18
</StackTrace>
        </ErrorInfo>
      </Output>
    </UnitTestResult>
    <UnitTestResult executionId="008fc8fc-9b63-4328-ad31-600c472e4e92" testId="b17e7b48-5750-91a5-b696-19de03b20151" testName="testCase_Login_6" computerName="LAPTOP-IRDHT22H" duration="00:00:00.0001366" startTime="2019-11-18T00:11:57.4416460+07:00" endTime="2019-11-18T00:11:57.4456359+07:00" testType="13cdc9d9-ddb5-4fa4-a97d-d965ccfc6d4b" outcome="Passed" testListId="8c84fa94-04c1-424b-9868-57a2d4851a1d" relativeResultsDirectory="008fc8fc-9b63-4328-ad31-600c472e4e92">
    </UnitTestResult>
    <UnitTestResult executionId="08489fe0-6d2e-4c18-a6de-8bba2c5a774e" testId="f3c7c967-2efd-b356-b618-c97ab977c2bb" testName="testCase_Login_9" computerName="LAPTOP-IRDHT22H" duration="00:00:00.0001661" startTime="2019-11-18T00:11:57.4476291+07:00" endTime="2019-11-18T00:11:57.4516194+07:00" testType="13cdc9d9-ddb5-4fa4-a97d-d965ccfc6d4b" outcome="Passed" testListId="8c84fa94-04c1-424b-9868-57a2d4851a1d" relativeResultsDirectory="08489fe0-6d2e-4c18-a6de-8bba2c5a774e">
    </UnitTestResult>
    <UnitTestResult executionId="897b41ea-6fe0-4e3d-8f8c-5cd283b63246" testId="fa5b35ab-29ab-0170-9025-94048b21eda5" testName="testCase_Them_KhongDuoc" computerName="LAPTOP-IRDHT22H" duration="00:00:00.0001446" startTime="2019-11-18T00:11:57.4526162+07:00" endTime="2019-11-18T00:11:57.4576029+07:00" testType="13cdc9d9-ddb5-4fa4-a97d-d965ccfc6d4b" outcome="Passed" testListId="8c84fa94-04c1-424b-9868-57a2d4851a1d" relativeResultsDirectory="897b41ea-6fe0-4e3d-8f8c-5cd283b63246">
    </UnitTestResult>
    <UnitTestResult executionId="ed119a53-d283-4eb7-b9a9-e455a9285864" testId="fa6bf5d9-eb12-eff6-bb7a-be8db17abbcc" testName="testCase_ThanhToan_Duoc" computerName="LAPTOP-IRDHT22H" duration="00:00:00.0001076" startTime="2019-11-18T00:11:57.4586001+07:00" endTime="2019-11-18T00:11:57.4625904+07:00" testType="13cdc9d9-ddb5-4fa4-a97d-d965ccfc6d4b" outcome="Passed" testListId="8c84fa94-04c1-424b-9868-57a2d4851a1d" relativeResultsDirectory="ed119a53-d283-4eb7-b9a9-e455a9285864">
    </UnitTestResult>
  </Results>
</TestRun>